Build target 'Target 1'
assembling Startup.s...
compiling uart1.c...
uart1.c(7): error:  #130: expected a "{"
uart1.c:   int main()
uart1.c:   ^
uart1.c(29): error:  #247: function "uartinit" has already been defined
uart1.c:   void uartinit(void)
uart1.c:        ^
uart1.c(50): warning:  #1-D: last line of file ends without a newline
uart1.c:   }
uart1.c:    ^
uart1.c: uart1.c: 1 warning, 2 errors
Target not created
Build target 'Target 1'
assembling Startup.s...
compiling uart1.c...
uart1.c(50): warning:  #1-D: last line of file ends without a newline
uart1.c:   }
uart1.c:    ^
uart1.c: uart1.c: 1 warning, 0 errors
linking...
Program Size: Code=1036 RO-data=16 RW-data=0 ZI-data=1280  
FromELF: creating hex file...
"uart.axf" - 0 Error(s), 1 Warning(s).
Build target 'Target 1'
assembling Startup.s...
compiling uart1.c...
uart1.c(50): warning:  #1-D: last line of file ends without a newline
uart1.c:   }
uart1.c:    ^
uart1.c: uart1.c: 1 warning, 0 errors
linking...
Program Size: Code=1048 RO-data=16 RW-data=0 ZI-data=1280  
FromELF: creating hex file...
"uart.axf" - 0 Error(s), 1 Warning(s).
Build target 'Target 1'
assembling Startup.s...
compiling uart1.c...
uart1.c(50): warning:  #1-D: last line of file ends without a newline
uart1.c:   }
uart1.c:    ^
uart1.c: uart1.c: 1 warning, 0 errors
linking...
Program Size: Code=1048 RO-data=16 RW-data=0 ZI-data=1280  
FromELF: creating hex file...
"uart.axf" - 0 Error(s), 1 Warning(s).
Build target 'Target 1'
assembling Startup.s...
compiling uart1.c...
uart1.c(50): warning:  #1-D: last line of file ends without a newline
uart1.c:   }
uart1.c:    ^
uart1.c: uart1.c: 1 warning, 0 errors
linking...
Program Size: Code=1044 RO-data=16 RW-data=0 ZI-data=1280  
FromELF: creating hex file...
"uart.axf" - 0 Error(s), 1 Warning(s).
Build target 'Target 1'
assembling Startup.s...
compiling uart1.c...
uart1.c(49): warning:  #1-D: last line of file ends without a newline
uart1.c:   }
uart1.c:    ^
uart1.c: uart1.c: 1 warning, 0 errors
linking...
Program Size: Code=1024 RO-data=16 RW-data=0 ZI-data=1280  
FromELF: creating hex file...
"uart.axf" - 0 Error(s), 1 Warning(s).
Build target 'Target 1'
assembling Startup.s...
compiling uart1.c...
uart1.c(49): warning:  #1-D: last line of file ends without a newline
uart1.c:   }
uart1.c:    ^
uart1.c: uart1.c: 1 warning, 0 errors
linking...
Program Size: Code=1028 RO-data=16 RW-data=0 ZI-data=1280  
FromELF: creating hex file...
"uart.axf" - 0 Error(s), 1 Warning(s).
Build target 'Target 1'
assembling Startup.s...
compiling uart1.c...
uart1.c(23): error:  #65: expected a ";"
uart1.c:                        }
uart1.c:                        ^
uart1.c(49): warning:  #1-D: last line of file ends without a newline
uart1.c:   }
uart1.c:    ^
uart1.c: uart1.c: 1 warning, 1 error
Target not created
Build target 'Target 1'
assembling Startup.s...
compiling uart1.c...
uart1.c(49): warning:  #1-D: last line of file ends without a newline
uart1.c:   }
uart1.c:    ^
uart1.c: uart1.c: 1 warning, 0 errors
linking...
Program Size: Code=1032 RO-data=16 RW-data=0 ZI-data=1280  
FromELF: creating hex file...
"uart.axf" - 0 Error(s), 1 Warning(s).
Build target 'Target 1'
assembling Startup.s...
compiling uart1.c...
uart1.c(49): warning:  #1-D: last line of file ends without a newline
uart1.c:   }
uart1.c:    ^
uart1.c: uart1.c: 1 warning, 0 errors
linking...
Program Size: Code=1040 RO-data=16 RW-data=0 ZI-data=1280  
FromELF: creating hex file...
"uart.axf" - 0 Error(s), 1 Warning(s).
Build target 'Target 1'
assembling Startup.s...
compiling uart1.c...
uart1.c(5): error:  #20: identifier "unsignedff" is undefined
uart1.c:   void uarttx(unsignedff char d);
uart1.c:               ^
uart1.c(5): error:  #84: invalid combination of type specifiers
uart1.c:   void uarttx(unsignedff char d);
uart1.c:                          ^
uart1.c(49): warning:  #1-D: last line of file ends without a newline
uart1.c:   }
uart1.c:    ^
uart1.c: uart1.c: 1 warning, 2 errors
Target not created
Build target 'Target 1'
assembling Startup.s...
compiling uart1.c...
uart1.c(49): warning:  #1-D: last line of file ends without a newline
uart1.c:   }
uart1.c:    ^
uart1.c: uart1.c: 1 warning, 0 errors
linking...
Program Size: Code=1040 RO-data=16 RW-data=0 ZI-data=1280  
FromELF: creating hex file...
"uart.axf" - 0 Error(s), 1 Warning(s).
Build target 'Target 1'
assembling Startup.s...
compiling uart1.c...
uart1.c(49): warning:  #1-D: last line of file ends without a newline
uart1.c:   }
uart1.c:    ^
uart1.c: uart1.c: 1 warning, 0 errors
linking...
Program Size: Code=1036 RO-data=16 RW-data=0 ZI-data=1280  
FromELF: creating hex file...
"uart.axf" - 0 Error(s), 1 Warning(s).
Build target 'Target 1'
assembling Startup.s...
compiling uart1.c...
uart1.c(49): warning:  #1-D: last line of file ends without a newline
uart1.c:   }
uart1.c:    ^
uart1.c: uart1.c: 1 warning, 0 errors
linking...
Program Size: Code=1040 RO-data=16 RW-data=0 ZI-data=1280  
FromELF: creating hex file...
"uart.axf" - 0 Error(s), 1 Warning(s).
