Build target 'Target 1'
assembling Startup.s...
compiling major.c...
defines.h(13): warning:  #1-D: last line of file ends without a newline
defines.h:    #endif
defines.h:          ^
defines.h: major.c: 1 warning, 0 errors
compiling spi.c...
defines.h(13): warning:  #1-D: last line of file ends without a newline
defines.h:    #endif
defines.h:          ^
spi.c(17): warning:  #550-D: variable "stat" was set but never used
spi.c:          unsigned char stat;
spi.c:                        ^
spi.c: spi.c: 2 warnings, 0 errors
linking...
Program Size: Code=6060 RO-data=32 RW-data=4 ZI-data=1260  
FromELF: creating hex file...
"MAJOR.axf" - 0 Error(s), 3 Warning(s).
Build target 'Target 1'
linking...
Program Size: Code=6060 RO-data=32 RW-data=4 ZI-data=1260  
FromELF: creating hex file...
"MAJOR.axf" - 0 Error(s), 0 Warning(s).
Build target 'Target 1'
assembling Startup.s...
compiling major.c...
defines.h(13): warning:  #1-D: last line of file ends without a newline
defines.h:    #endif
defines.h:          ^
defines.h: major.c: 1 warning, 0 errors
compiling spi.c...
defines.h(13): warning:  #1-D: last line of file ends without a newline
defines.h:    #endif
defines.h:          ^
spi.c(17): warning:  #550-D: variable "stat" was set but never used
spi.c:          unsigned char stat;
spi.c:                        ^
spi.c: spi.c: 2 warnings, 0 errors
linking...
Program Size: Code=6060 RO-data=32 RW-data=4 ZI-data=1260  
FromELF: creating hex file...
"MAJOR.axf" - 0 Error(s), 3 Warning(s).
Build target 'Target 1'
linking...
Program Size: Code=6060 RO-data=32 RW-data=4 ZI-data=1260  
FromELF: creating hex file...
"MAJOR.axf" - 0 Error(s), 0 Warning(s).
Build target 'Target 1'
assembling Startup.s...
compiling major.c...
defines.h(13): warning:  #1-D: last line of file ends without a newline
defines.h:    #endif
defines.h:          ^
defines.h: major.c: 1 warning, 0 errors
compiling spi.c...
defines.h(13): warning:  #1-D: last line of file ends without a newline
defines.h:    #endif
defines.h:          ^
spi.c(17): warning:  #550-D: variable "stat" was set but never used
spi.c:          unsigned char stat;
spi.c:                        ^
spi.c: spi.c: 2 warnings, 0 errors
linking...
Program Size: Code=6060 RO-data=32 RW-data=4 ZI-data=1260  
FromELF: creating hex file...
"MAJOR.axf" - 0 Error(s), 3 Warning(s).
Build target 'Target 1'
linking...
Program Size: Code=6060 RO-data=32 RW-data=4 ZI-data=1260  
FromELF: creating hex file...
"MAJOR.axf" - 0 Error(s), 0 Warning(s).
Build target 'Target 1'
assembling Startup.s...
compiling major.c...
defines.h(13): warning:  #1-D: last line of file ends without a newline
defines.h:    #endif
defines.h:          ^
defines.h: major.c: 1 warning, 0 errors
compiling spi.c...
defines.h(13): warning:  #1-D: last line of file ends without a newline
defines.h:    #endif
defines.h:          ^
spi.c(17): warning:  #550-D: variable "stat" was set but never used
spi.c:          unsigned char stat;
spi.c:                        ^
spi.c: spi.c: 2 warnings, 0 errors
linking...
Program Size: Code=6060 RO-data=32 RW-data=4 ZI-data=1260  
FromELF: creating hex file...
"MAJOR.axf" - 0 Error(s), 3 Warning(s).
Build target 'Target 1'
assembling Startup.s...
compiling major.c...
defines.h(13): warning:  #1-D: last line of file ends without a newline
defines.h:    #endif
defines.h:          ^
defines.h: major.c: 1 warning, 0 errors
compiling spi.c...
defines.h(13): warning:  #1-D: last line of file ends without a newline
defines.h:    #endif
defines.h:          ^
spi.c(17): warning:  #550-D: variable "stat" was set but never used
spi.c:          unsigned char stat;
spi.c:                        ^
spi.c: spi.c: 2 warnings, 0 errors
linking...
Program Size: Code=6060 RO-data=32 RW-data=4 ZI-data=1260  
FromELF: creating hex file...
"MAJOR.axf" - 0 Error(s), 3 Warning(s).
Build target 'Target 1'
linking...
Program Size: Code=6060 RO-data=32 RW-data=4 ZI-data=1260  
FromELF: creating hex file...
"MAJOR.axf" - 0 Error(s), 0 Warning(s).
