<html>
<body>
<pre>
<h1>µVision Build Log</h1>
<h2>Project:</h2>
E:\v25ce3g1\ARM\rtc\rtc.uvproj
Project File Date:  01/24/2026

<h2>Output:</h2>
Build target 'Target 1'
assembling Startup.s...
compiling rtc.c...
compiling i2c.c...
compiling rtcinst.c...
linking...
Program Size: Code=2572 RO-data=32 RW-data=4 ZI-data=1324  
FromELF: creating hex file...
"rtc.axf" - 0 Error(s), 0 Warning(s).
Build target 'Target 1'
assembling Startup.s...
compiling rtc.c...
rtc.c(25): error:  #20: identifier "s" is undefined
rtc.c:                  s=dectobin(p[0]);
rtc.c:                  ^
rtc.c(26): error:  #20: identifier "m" is undefined
rtc.c:                  m=dectobin(p[1]);
rtc.c:                  ^
rtc.c(27): error:  #20: identifier "h" is undefined
rtc.c:                  h=dectobin(p[2]);  
rtc.c:                  ^
rtc.c: rtc.c: 0 warnings, 3 errors
compiling i2c.c...
compiling rtcinst.c...
Target not created
Build target 'Target 1'
assembling Startup.s...
compiling rtc.c...
rtc.c(10): warning:  #550-D: variable "s" was set but never used
rtc.c:          unsigned int s,m,h;
rtc.c:                       ^
rtc.c(10): warning:  #550-D: variable "m" was set but never used
rtc.c:          unsigned int s,m,h;
rtc.c:                         ^
rtc.c(10): warning:  #550-D: variable "h" was set but never used
rtc.c:          unsigned int s,m,h;
rtc.c:                           ^
rtc.c: rtc.c: 3 warnings, 0 errors
compiling i2c.c...
compiling rtcinst.c...
linking...
Program Size: Code=2600 RO-data=32 RW-data=4 ZI-data=1324  
FromELF: creating hex file...
"rtc.axf" - 0 Error(s), 3 Warning(s).
Build target 'Target 1'
assembling Startup.s...
compiling rtc.c...
rtc.c(10): warning:  #550-D: variable "s" was set but never used
rtc.c:           int s,m,h;
rtc.c:               ^
rtc.c(10): warning:  #550-D: variable "m" was set but never used
rtc.c:           int s,m,h;
rtc.c:                 ^
rtc.c(10): warning:  #550-D: variable "h" was set but never used
rtc.c:           int s,m,h;
rtc.c:                   ^
rtc.c: rtc.c: 3 warnings, 0 errors
compiling i2c.c...
compiling rtcinst.c...
linking...
Program Size: Code=2600 RO-data=32 RW-data=4 ZI-data=1324  
FromELF: creating hex file...
"rtc.axf" - 0 Error(s), 3 Warning(s).
Build target 'Target 1'
assembling Startup.s...
compiling rtc.c...
compiling i2c.c...
compiling rtcinst.c...
linking...
Program Size: Code=2628 RO-data=32 RW-data=4 ZI-data=1324  
FromELF: creating hex file...
"rtc.axf" - 0 Error(s), 0 Warning(s).
