<html>
<body>
<pre>
<h1>µVision Build Log</h1>
<h2>Project:</h2>
E:\v25ce3g1\ARM\rtc\rtc1.uvproj
Project File Date:  02/02/2026

<h2>Output:</h2>
Build target 'Target 1'
assembling Startup.s...
compiling rtc1.c...
rtcdef.h(12): warning:  #1-D: last line of file ends without a newline
rtcdef.h:      #endif
rtcdef.h:            ^
rtc1.c(4): error:  #92: identifier-list parameters may only be used in a function definition
rtc1.c:   void LCD_display(h,m,s);
rtc1.c:        ^
rtc1.c(15): error:  #20: identifier "s" is undefined
rtc1.c:                 s=rtcread(0x00);
rtc1.c:                 ^
rtc1.c(16): error:  #20: identifier "m" is undefined
rtc1.c:                 m=rtcread(0x01);
rtc1.c:                 ^
rtc1.c(17): error:  #20: identifier "h" is undefined
rtc1.c:                 h=rtcread(0x02);
rtc1.c:                 ^
rtc1.c(29): warning:  #1-D: last line of file ends without a newline
rtc1.c:   }
rtc1.c:    ^
rtc1.c: rtc1.c: 2 warnings, 4 errors
compiling i2cthings.c...
i2cthings.c(5): error:  #20: identifier "I2CSLL" is undefined
i2cthings.c:    I2CSLL=75;
i2cthings.c:    ^
i2cthings.c(6): error:  #20: identifier "I2CSLH" is undefined
i2cthings.c:    I2CSLH=75;
i2cthings.c:    ^
i2cthings.c(13): warning:  #223-D: function "i2cstart" declared implicitly
i2cthings.c:               i2cstart();
i2cthings.c:               ^
i2cthings.c(14): warning:  #223-D: function "i2cwrite" declared implicitly
i2cthings.c:       i2cwrite(slaveaddres<<1);
i2cthings.c:       ^
i2cthings.c(14): error:  #20: identifier "slaveaddres" is undefined
i2cthings.c:       i2cwrite(slaveaddres<<1);
i2cthings.c:                ^
i2cthings.c(17): warning:  #223-D: function "i2cstop" declared implicitly
i2cthings.c:       i2cstop();
i2cthings.c:       ^
i2cthings.c(23): warning:  #223-D: function "i2cstart" declared implicitly
i2cthings.c:                    i2cstart();
i2cthings.c:                    ^
i2cthings.c(24): warning:  #223-D: function "i2cwrite" declared implicitly
i2cthings.c:       i2cwrite(slaveaddres<<1);
i2cthings.c:       ^
i2cthings.c(24): error:  #20: identifier "slaveaddres" is undefined
i2cthings.c:       i2cwrite(slaveaddres<<1);
i2cthings.c:                ^
i2cthings.c(26): warning:  #223-D: function "i2crestart" declared implicitly
i2cthings.c:       i2crestart();
i2cthings.c:       ^
i2cthings.c(27): error:  #20: identifier "slaveadrress" is undefined
i2cthings.c:       i2cwrite(slaveadrress<<1|1);
i2cthings.c:                ^
i2cthings.c(28): warning:  #223-D: function "nack" declared implicitly
i2cthings.c:             p=nack();
i2cthings.c:               ^
i2cthings.c(29): warning:  #223-D: function "i2cstop" declared implicitly
i2cthings.c:             i2cstop();
i2cthings.c:             ^
i2cthings.c(34): error:  #159: declaration is incompatible with previous "i2cstart" (declared at line 13)
i2cthings.c:    void i2cstart()
i2cthings.c:         ^
i2cthings.c(40): error:  #159: declaration is incompatible with previous "i2cstop" (declared at line 17)
i2cthings.c:    void i2cstop()
i2cthings.c:         ^
i2cthings.c(45): error:  #159: declaration is incompatible with previous "i2cwrite" (declared at line 14)
i2cthings.c:    void i2cwrite(unsigned char d)
i2cthings.c:         ^
i2cthings.c(60): error:  #159: declaration is incompatible with previous "nack" (declared at line 28)
i2cthings.c:    unsigned char nack()
i2cthings.c:                  ^
i2cthings.c(67): warning:  #1-D: last line of file ends without a newline
i2cthings.c:    }
i2cthings.c:     ^
i2cthings.c: i2cthings.c: 9 warnings, 9 errors
Target not created
Build target 'Target 1'
assembling Startup.s...
compiling rtc1.c...
rtcdef.h(12): warning:  #1-D: last line of file ends without a newline
rtcdef.h:      #endif
rtcdef.h:            ^
rtc1.c(4): error:  #92: identifier-list parameters may only be used in a function definition
rtc1.c:   void LCD_display(h,m,s);
rtc1.c:        ^
rtc1.c(15): error:  #20: identifier "s" is undefined
rtc1.c:                 s=rtcread(0x00);
rtc1.c:                 ^
rtc1.c(16): error:  #20: identifier "m" is undefined
rtc1.c:                 m=rtcread(0x01);
rtc1.c:                 ^
rtc1.c(17): error:  #20: identifier "h" is undefined
rtc1.c:                 h=rtcread(0x02);
rtc1.c:                 ^
rtc1.c(29): warning:  #1-D: last line of file ends without a newline
rtc1.c:   }
rtc1.c:    ^
rtc1.c: rtc1.c: 2 warnings, 4 errors
compiling i2cthings.c...
rtcdef.h(12): warning:  #1-D: last line of file ends without a newline
rtcdef.h:      #endif
rtcdef.h:            ^
i2cthings.c(6): error:  #20: identifier "I2CSLL" is undefined
i2cthings.c:    I2CSLL=75;
i2cthings.c:    ^
i2cthings.c(7): error:  #20: identifier "I2CSLH" is undefined
i2cthings.c:    I2CSLH=75;
i2cthings.c:    ^
i2cthings.c(15): error:  #20: identifier "slaveaddres" is undefined
i2cthings.c:       i2cwrite(slaveaddres<<1);
i2cthings.c:                ^
i2cthings.c(25): error:  #20: identifier "slaveaddres" is undefined
i2cthings.c:       i2cwrite(slaveaddres<<1);
i2cthings.c:                ^
i2cthings.c(27): warning:  #223-D: function "i2crestart" declared implicitly
i2cthings.c:       i2crestart();
i2cthings.c:       ^
i2cthings.c(28): error:  #20: identifier "slaveadrress" is undefined
i2cthings.c:       i2cwrite(slaveadrress<<1|1);
i2cthings.c:                ^
i2cthings.c(68): warning:  #1-D: last line of file ends without a newline
i2cthings.c:    }
i2cthings.c:     ^
i2cthings.c: i2cthings.c: 3 warnings, 5 errors
Target not created
Build target 'Target 1'
assembling Startup.s...
compiling rtc1.c...
rtcdef.h(12): warning:  #1-D: last line of file ends without a newline
rtcdef.h:      #endif
rtcdef.h:            ^
rtc1.c(4): error:  #92: identifier-list parameters may only be used in a function definition
rtc1.c:   void LCD_display(h,m,s);
rtc1.c:        ^
rtc1.c(15): error:  #20: identifier "s" is undefined
rtc1.c:                 s=rtcread(0x00);
rtc1.c:                 ^
rtc1.c(16): error:  #20: identifier "m" is undefined
rtc1.c:                 m=rtcread(0x01);
rtc1.c:                 ^
rtc1.c(17): error:  #20: identifier "h" is undefined
rtc1.c:                 h=rtcread(0x02);
rtc1.c:                 ^
rtc1.c(29): warning:  #1-D: last line of file ends without a newline
rtc1.c:   }
rtc1.c:    ^
rtc1.c: rtc1.c: 2 warnings, 4 errors
compiling i2cthings.c...
rtcdef.h(12): warning:  #1-D: last line of file ends without a newline
rtcdef.h:      #endif
rtcdef.h:            ^
i2cthings.c(6): error:  #20: identifier "I2CSLL" is undefined
i2cthings.c:    I2CSLL=75;
i2cthings.c:    ^
i2cthings.c(7): error:  #20: identifier "I2CSLH" is undefined
i2cthings.c:    I2CSLH=75;
i2cthings.c:    ^
i2cthings.c(15): error:  #20: identifier "slaveaddres" is undefined
i2cthings.c:       i2cwrite(slaveaddres<<1);
i2cthings.c:                ^
i2cthings.c(25): error:  #20: identifier "slaveaddres" is undefined
i2cthings.c:       i2cwrite(slaveaddres<<1);
i2cthings.c:                ^
i2cthings.c(28): error:  #20: identifier "slaveadrress" is undefined
i2cthings.c:       i2cwrite(slaveadrress<<1|1);
i2cthings.c:                ^
i2cthings.c(68): warning:  #1-D: last line of file ends without a newline
i2cthings.c:    }
i2cthings.c:     ^
i2cthings.c: i2cthings.c: 2 warnings, 5 errors
Target not created
Build target 'Target 1'
assembling Startup.s...
compiling rtc1.c...
rtcdef.h(12): warning:  #1-D: last line of file ends without a newline
rtcdef.h:      #endif
rtcdef.h:            ^
rtc1.c(4): error:  #92: identifier-list parameters may only be used in a function definition
rtc1.c:   void LCD_display(h,m,s);
rtc1.c:        ^
rtc1.c(15): error:  #20: identifier "s" is undefined
rtc1.c:                 s=rtcread(0x00);
rtc1.c:                 ^
rtc1.c(16): error:  #20: identifier "m" is undefined
rtc1.c:                 m=rtcread(0x01);
rtc1.c:                 ^
rtc1.c(17): error:  #20: identifier "h" is undefined
rtc1.c:                 h=rtcread(0x02);
rtc1.c:                 ^
rtc1.c(29): warning:  #1-D: last line of file ends without a newline
rtc1.c:   }
rtc1.c:    ^
rtc1.c: rtc1.c: 2 warnings, 4 errors
compiling i2cthings.c...
rtcdef.h(12): warning:  #1-D: last line of file ends without a newline
rtcdef.h:      #endif
rtcdef.h:            ^
i2cthings.c(6): error:  #20: identifier "I2CSLL" is undefined
i2cthings.c:    I2CSLL=75;
i2cthings.c:    ^
i2cthings.c(7): error:  #20: identifier "I2CSLH" is undefined
i2cthings.c:    I2CSLH=75;
i2cthings.c:    ^
i2cthings.c(68): warning:  #1-D: last line of file ends without a newline
i2cthings.c:    }
i2cthings.c:     ^
i2cthings.c: i2cthings.c: 2 warnings, 2 errors
Target not created
Build target 'Target 1'
assembling Startup.s...
compiling rtc1.c...
rtcdef.h(12): warning:  #1-D: last line of file ends without a newline
rtcdef.h:      #endif
rtcdef.h:            ^
rtc1.c(4): error:  #92: identifier-list parameters may only be used in a function definition
rtc1.c:   void LCD_display(h,m,s);
rtc1.c:        ^
rtc1.c(15): error:  #20: identifier "s" is undefined
rtc1.c:                 s=rtcread(0x00);
rtc1.c:                 ^
rtc1.c(16): error:  #20: identifier "m" is undefined
rtc1.c:                 m=rtcread(0x01);
rtc1.c:                 ^
rtc1.c(17): error:  #20: identifier "h" is undefined
rtc1.c:                 h=rtcread(0x02);
rtc1.c:                 ^
rtc1.c(29): warning:  #1-D: last line of file ends without a newline
rtc1.c:   }
rtc1.c:    ^
rtc1.c: rtc1.c: 2 warnings, 4 errors
compiling i2cthings.c...
rtcdef.h(12): warning:  #1-D: last line of file ends without a newline
rtcdef.h:      #endif
rtcdef.h:            ^
i2cthings.c(6): error:  #20: identifier "I2CSCLL" is undefined
i2cthings.c:    I2CSCLL=75;
i2cthings.c:    ^
i2cthings.c(7): error:  #20: identifier "I2CSCLH" is undefined
i2cthings.c:    I2CSCLH=75;
i2cthings.c:    ^
i2cthings.c(68): warning:  #1-D: last line of file ends without a newline
i2cthings.c:    }
i2cthings.c:     ^
i2cthings.c: i2cthings.c: 2 warnings, 2 errors
Target not created
Build target 'Target 1'
assembling Startup.s...
compiling rtc1.c...
rtcdef.h(12): warning:  #1-D: last line of file ends without a newline
rtcdef.h:      #endif
rtcdef.h:            ^
rtc1.c(4): error:  #92: identifier-list parameters may only be used in a function definition
rtc1.c:   void LCD_display(h,m,s);
rtc1.c:        ^
rtc1.c(15): error:  #20: identifier "s" is undefined
rtc1.c:                 s=rtcread(0x00);
rtc1.c:                 ^
rtc1.c(16): error:  #20: identifier "m" is undefined
rtc1.c:                 m=rtcread(0x01);
rtc1.c:                 ^
rtc1.c(17): error:  #20: identifier "h" is undefined
rtc1.c:                 h=rtcread(0x02);
rtc1.c:                 ^
rtc1.c(29): warning:  #1-D: last line of file ends without a newline
rtc1.c:   }
rtc1.c:    ^
rtc1.c: rtc1.c: 2 warnings, 4 errors
compiling i2cthings.c...
rtcdef.h(12): warning:  #1-D: last line of file ends without a newline
rtcdef.h:      #endif
rtcdef.h:            ^
i2cthings.c(68): warning:  #1-D: last line of file ends without a newline
i2cthings.c:    }
i2cthings.c:     ^
i2cthings.c: i2cthings.c: 2 warnings, 0 errors
Target not created
Build target 'Target 1'
assembling Startup.s...
compiling rtc1.c...
rtcdef.h(13): warning:  #1-D: last line of file ends without a newline
rtcdef.h:      #endif
rtcdef.h:            ^
rtc1.c(4): error:  #92: identifier-list parameters may only be used in a function definition
rtc1.c:   void LCD_display(h,m,s);
rtc1.c:        ^
rtc1.c(29): warning:  #1-D: last line of file ends without a newline
rtc1.c:   }
rtc1.c:    ^
rtc1.c: rtc1.c: 2 warnings, 1 error
compiling i2cthings.c...
rtcdef.h(13): warning:  #1-D: last line of file ends without a newline
rtcdef.h:      #endif
rtcdef.h:            ^
i2cthings.c(74): warning:  #1-D: last line of file ends without a newline
i2cthings.c:    }
i2cthings.c:     ^
i2cthings.c: i2cthings.c: 2 warnings, 0 errors
Target not created
Build target 'Target 1'
assembling Startup.s...
compiling rtc1.c...
rtcdef.h(13): warning:  #1-D: last line of file ends without a newline
rtcdef.h:      #endif
rtcdef.h:            ^
rtc1.c(29): warning:  #1-D: last line of file ends without a newline
rtc1.c:   }
rtc1.c:    ^
rtc1.c: rtc1.c: 2 warnings, 0 errors
compiling i2cthings.c...
rtcdef.h(13): warning:  #1-D: last line of file ends without a newline
rtcdef.h:      #endif
rtcdef.h:            ^
i2cthings.c(74): warning:  #1-D: last line of file ends without a newline
i2cthings.c:    }
i2cthings.c:     ^
i2cthings.c: i2cthings.c: 2 warnings, 0 errors
linking...
Program Size: Code=2404 RO-data=16 RW-data=0 ZI-data=1256  
FromELF: creating hex file...
"rtc1.axf" - 0 Error(s), 4 Warning(s).
Build target 'Target 1'
assembling Startup.s...
compiling rtc1.c...
rtcdef.h(14): warning:  #1-D: last line of file ends without a newline
rtcdef.h:      #endif
rtcdef.h:            ^
rtc1.c(29): warning:  #1-D: last line of file ends without a newline
rtc1.c:   }
rtc1.c:    ^
rtc1.c: rtc1.c: 2 warnings, 0 errors
compiling i2cthings.c...
rtcdef.h(14): warning:  #1-D: last line of file ends without a newline
rtcdef.h:      #endif
rtcdef.h:            ^
i2cthings.c(74): warning:  #1-D: last line of file ends without a newline
i2cthings.c:    }
i2cthings.c:     ^
i2cthings.c: i2cthings.c: 2 warnings, 0 errors
linking...
Program Size: Code=2404 RO-data=16 RW-data=0 ZI-data=1256  
FromELF: creating hex file...
"rtc1.axf" - 0 Error(s), 4 Warning(s).
Build target 'Target 1'
assembling Startup.s...
compiling rtc1.c...
rtc1.c(29): warning:  #1-D: last line of file ends without a newline
rtc1.c:   }
rtc1.c:    ^
rtc1.c: rtc1.c: 1 warning, 0 errors
compiling i2cthings.c...
linking...
Program Size: Code=2404 RO-data=16 RW-data=0 ZI-data=1256  
FromELF: creating hex file...
"rtc1.axf" - 0 Error(s), 1 Warning(s).
Build target 'Target 1'
assembling Startup.s...
compiling rtc1.c...
compiling i2cthings.c...
linking...
Program Size: Code=2404 RO-data=16 RW-data=0 ZI-data=1256  
FromELF: creating hex file...
"rtc1.axf" - 0 Error(s), 0 Warning(s).
